 Assembling: ..\source\main.asm
